// Jest Snapshot v1, https://goo.gl/fbAQLP

exports[`Should render ExpenseDashBoardPage  1`] = `
<div>
  Dashboard Page content
</div>
`;
